
==========================================================================
finish report_tns
--------------------------------------------------------------------------
tns max 0.00

==========================================================================
finish report_wns
--------------------------------------------------------------------------
wns max 0.00

==========================================================================
finish report_worst_slack
--------------------------------------------------------------------------
worst slack max 2.58

==========================================================================
finish report_clock_min_period
--------------------------------------------------------------------------
core_clk period_min = 2.42 fmax = 413.61

==========================================================================
finish report_clock_skew
--------------------------------------------------------------------------
Clock core_clk
   0.25 source latency ctr[5]$_DFFE_PN0P_/CLK ^
  -0.26 target latency state[1]$_DFFE_PN0P_/CLK ^
   0.00 CRPR
--------------
  -0.00 setup skew


==========================================================================
finish report_checks -path_delay min
--------------------------------------------------------------------------
Startpoint: ctr[16]$_DFFE_PN0P_
            (rising edge-triggered flip-flop clocked by core_clk)
Endpoint: ctr[16]$_DFFE_PN0P_
          (rising edge-triggered flip-flop clocked by core_clk)
Path Group: core_clk
Path Type: min

Fanout     Cap    Slew   Delay    Time   Description
-----------------------------------------------------------------------------
                          0.00    0.00   clock core_clk (rise edge)
                          0.00    0.00   clock source latency
     1    0.01    0.00    0.00    0.00 ^ clk (in)
                                         clk (net)
                  0.00    0.00    0.00 ^ clkbuf_0_clk/A (sky130_fd_sc_hd__clkbuf_8)
     2    0.01    0.04    0.10    0.10 ^ clkbuf_0_clk/X (sky130_fd_sc_hd__clkbuf_8)
                                         clknet_0_clk (net)
                  0.04    0.00    0.10 ^ clkbuf_1_1__f_clk/A (sky130_fd_sc_hd__clkbuf_8)
    11    0.04    0.07    0.15    0.25 ^ clkbuf_1_1__f_clk/X (sky130_fd_sc_hd__clkbuf_8)
                                         clknet_1_1__leaf_clk (net)
                  0.07    0.00    0.26 ^ ctr[16]$_DFFE_PN0P_/CLK (sky130_fd_sc_hd__dfrtp_1)
     2    0.01    0.06    0.39    0.65 v ctr[16]$_DFFE_PN0P_/Q (sky130_fd_sc_hd__dfrtp_1)
                                         ctr[16] (net)
                  0.06    0.00    0.65 v _213_/A (sky130_fd_sc_hd__nand2_1)
     1    0.00    0.05    0.07    0.72 ^ _213_/Y (sky130_fd_sc_hd__nand2_1)
                                         _062_ (net)
                  0.05    0.00    0.72 ^ _215_/A1 (sky130_fd_sc_hd__a21oi_1)
     1    0.00    0.04    0.05    0.77 v _215_/Y (sky130_fd_sc_hd__a21oi_1)
                                         _011_ (net)
                  0.04    0.00    0.77 v ctr[16]$_DFFE_PN0P_/D (sky130_fd_sc_hd__dfrtp_1)
                                  0.77   data arrival time

                          0.00    0.00   clock core_clk (rise edge)
                          0.00    0.00   clock source latency
     1    0.01    0.00    0.00    0.00 ^ clk (in)
                                         clk (net)
                  0.00    0.00    0.00 ^ clkbuf_0_clk/A (sky130_fd_sc_hd__clkbuf_8)
     2    0.01    0.04    0.10    0.10 ^ clkbuf_0_clk/X (sky130_fd_sc_hd__clkbuf_8)
                                         clknet_0_clk (net)
                  0.04    0.00    0.10 ^ clkbuf_1_1__f_clk/A (sky130_fd_sc_hd__clkbuf_8)
    11    0.04    0.07    0.15    0.25 ^ clkbuf_1_1__f_clk/X (sky130_fd_sc_hd__clkbuf_8)
                                         clknet_1_1__leaf_clk (net)
                  0.07    0.00    0.26 ^ ctr[16]$_DFFE_PN0P_/CLK (sky130_fd_sc_hd__dfrtp_1)
                          0.00    0.26   clock reconvergence pessimism
                         -0.04    0.22   library hold time
                                  0.22   data required time
-----------------------------------------------------------------------------
                                  0.22   data required time
                                 -0.77   data arrival time
-----------------------------------------------------------------------------
                                  0.55   slack (MET)



==========================================================================
finish report_checks -path_delay max
--------------------------------------------------------------------------
Startpoint: ctr[0]$_DFFE_PN0P_
            (rising edge-triggered flip-flop clocked by core_clk)
Endpoint: ctr[13]$_DFFE_PN0P_
          (rising edge-triggered flip-flop clocked by core_clk)
Path Group: core_clk
Path Type: max

Fanout     Cap    Slew   Delay    Time   Description
-----------------------------------------------------------------------------
                          0.00    0.00   clock core_clk (rise edge)
                          0.00    0.00   clock source latency
     1    0.01    0.00    0.00    0.00 ^ clk (in)
                                         clk (net)
                  0.00    0.00    0.00 ^ clkbuf_0_clk/A (sky130_fd_sc_hd__clkbuf_8)
     2    0.01    0.04    0.10    0.10 ^ clkbuf_0_clk/X (sky130_fd_sc_hd__clkbuf_8)
                                         clknet_0_clk (net)
                  0.04    0.00    0.11 ^ clkbuf_1_0__f_clk/A (sky130_fd_sc_hd__clkbuf_8)
    11    0.03    0.07    0.15    0.25 ^ clkbuf_1_0__f_clk/X (sky130_fd_sc_hd__clkbuf_8)
                                         clknet_1_0__leaf_clk (net)
                  0.07    0.00    0.25 ^ ctr[0]$_DFFE_PN0P_/CLK (sky130_fd_sc_hd__dfrtp_1)
     5    0.01    0.09    0.42    0.67 v ctr[0]$_DFFE_PN0P_/Q (sky130_fd_sc_hd__dfrtp_1)
                                         ctr[0] (net)
                  0.09    0.00    0.67 v _148_/A (sky130_fd_sc_hd__inv_1)
     2    0.01    0.07    0.09    0.76 ^ _148_/Y (sky130_fd_sc_hd__inv_1)
                                         _000_ (net)
                  0.07    0.00    0.76 ^ _273_/A (sky130_fd_sc_hd__ha_1)
     4    0.01    0.13    0.21    0.97 ^ _273_/COUT (sky130_fd_sc_hd__ha_1)
                                         _002_ (net)
                  0.13    0.00    0.97 ^ _155_/D_N (sky130_fd_sc_hd__nor4b_2)
     6    0.02    0.49    0.44    1.41 ^ _155_/Y (sky130_fd_sc_hd__nor4b_2)
                                         _119_ (net)
                  0.49    0.00    1.41 ^ _163_/C (sky130_fd_sc_hd__nand4_1)
    12    0.04    0.51    0.50    1.92 v _163_/Y (sky130_fd_sc_hd__nand4_1)
                                         _127_ (net)
                  0.51    0.00    1.92 v _197_/A1 (sky130_fd_sc_hd__o21ai_1)
     6    0.02    0.42    0.52    2.44 ^ _197_/Y (sky130_fd_sc_hd__o21ai_1)
                                         _049_ (net)
                  0.42    0.00    2.44 ^ _202_/A (sky130_fd_sc_hd__nor2_1)
     1    0.00    0.09    0.10    2.54 v _202_/Y (sky130_fd_sc_hd__nor2_1)
                                         _008_ (net)
                  0.09    0.00    2.54 v ctr[13]$_DFFE_PN0P_/D (sky130_fd_sc_hd__dfrtp_1)
                                  2.54   data arrival time

                          5.00    5.00   clock core_clk (rise edge)
                          0.00    5.00   clock source latency
     1    0.01    0.00    0.00    5.00 ^ clk (in)
                                         clk (net)
                  0.00    0.00    5.00 ^ clkbuf_0_clk/A (sky130_fd_sc_hd__clkbuf_8)
     2    0.01    0.04    0.10    5.10 ^ clkbuf_0_clk/X (sky130_fd_sc_hd__clkbuf_8)
                                         clknet_0_clk (net)
                  0.04    0.00    5.11 ^ clkbuf_1_0__f_clk/A (sky130_fd_sc_hd__clkbuf_8)
    11    0.03    0.07    0.15    5.25 ^ clkbuf_1_0__f_clk/X (sky130_fd_sc_hd__clkbuf_8)
                                         clknet_1_0__leaf_clk (net)
                  0.07    0.00    5.25 ^ ctr[13]$_DFFE_PN0P_/CLK (sky130_fd_sc_hd__dfrtp_1)
                          0.00    5.25   clock reconvergence pessimism
                         -0.13    5.13   library setup time
                                  5.13   data required time
-----------------------------------------------------------------------------
                                  5.13   data required time
                                 -2.54   data arrival time
-----------------------------------------------------------------------------
                                  2.58   slack (MET)



==========================================================================
finish report_checks -unconstrained
--------------------------------------------------------------------------
Startpoint: ctr[0]$_DFFE_PN0P_
            (rising edge-triggered flip-flop clocked by core_clk)
Endpoint: ctr[13]$_DFFE_PN0P_
          (rising edge-triggered flip-flop clocked by core_clk)
Path Group: core_clk
Path Type: max

Fanout     Cap    Slew   Delay    Time   Description
-----------------------------------------------------------------------------
                          0.00    0.00   clock core_clk (rise edge)
                          0.00    0.00   clock source latency
     1    0.01    0.00    0.00    0.00 ^ clk (in)
                                         clk (net)
                  0.00    0.00    0.00 ^ clkbuf_0_clk/A (sky130_fd_sc_hd__clkbuf_8)
     2    0.01    0.04    0.10    0.10 ^ clkbuf_0_clk/X (sky130_fd_sc_hd__clkbuf_8)
                                         clknet_0_clk (net)
                  0.04    0.00    0.11 ^ clkbuf_1_0__f_clk/A (sky130_fd_sc_hd__clkbuf_8)
    11    0.03    0.07    0.15    0.25 ^ clkbuf_1_0__f_clk/X (sky130_fd_sc_hd__clkbuf_8)
                                         clknet_1_0__leaf_clk (net)
                  0.07    0.00    0.25 ^ ctr[0]$_DFFE_PN0P_/CLK (sky130_fd_sc_hd__dfrtp_1)
     5    0.01    0.09    0.42    0.67 v ctr[0]$_DFFE_PN0P_/Q (sky130_fd_sc_hd__dfrtp_1)
                                         ctr[0] (net)
                  0.09    0.00    0.67 v _148_/A (sky130_fd_sc_hd__inv_1)
     2    0.01    0.07    0.09    0.76 ^ _148_/Y (sky130_fd_sc_hd__inv_1)
                                         _000_ (net)
                  0.07    0.00    0.76 ^ _273_/A (sky130_fd_sc_hd__ha_1)
     4    0.01    0.13    0.21    0.97 ^ _273_/COUT (sky130_fd_sc_hd__ha_1)
                                         _002_ (net)
                  0.13    0.00    0.97 ^ _155_/D_N (sky130_fd_sc_hd__nor4b_2)
     6    0.02    0.49    0.44    1.41 ^ _155_/Y (sky130_fd_sc_hd__nor4b_2)
                                         _119_ (net)
                  0.49    0.00    1.41 ^ _163_/C (sky130_fd_sc_hd__nand4_1)
    12    0.04    0.51    0.50    1.92 v _163_/Y (sky130_fd_sc_hd__nand4_1)
                                         _127_ (net)
                  0.51    0.00    1.92 v _197_/A1 (sky130_fd_sc_hd__o21ai_1)
     6    0.02    0.42    0.52    2.44 ^ _197_/Y (sky130_fd_sc_hd__o21ai_1)
                                         _049_ (net)
                  0.42    0.00    2.44 ^ _202_/A (sky130_fd_sc_hd__nor2_1)
     1    0.00    0.09    0.10    2.54 v _202_/Y (sky130_fd_sc_hd__nor2_1)
                                         _008_ (net)
                  0.09    0.00    2.54 v ctr[13]$_DFFE_PN0P_/D (sky130_fd_sc_hd__dfrtp_1)
                                  2.54   data arrival time

                          5.00    5.00   clock core_clk (rise edge)
                          0.00    5.00   clock source latency
     1    0.01    0.00    0.00    5.00 ^ clk (in)
                                         clk (net)
                  0.00    0.00    5.00 ^ clkbuf_0_clk/A (sky130_fd_sc_hd__clkbuf_8)
     2    0.01    0.04    0.10    5.10 ^ clkbuf_0_clk/X (sky130_fd_sc_hd__clkbuf_8)
                                         clknet_0_clk (net)
                  0.04    0.00    5.11 ^ clkbuf_1_0__f_clk/A (sky130_fd_sc_hd__clkbuf_8)
    11    0.03    0.07    0.15    5.25 ^ clkbuf_1_0__f_clk/X (sky130_fd_sc_hd__clkbuf_8)
                                         clknet_1_0__leaf_clk (net)
                  0.07    0.00    5.25 ^ ctr[13]$_DFFE_PN0P_/CLK (sky130_fd_sc_hd__dfrtp_1)
                          0.00    5.25   clock reconvergence pessimism
                         -0.13    5.13   library setup time
                                  5.13   data required time
-----------------------------------------------------------------------------
                                  5.13   data required time
                                 -2.54   data arrival time
-----------------------------------------------------------------------------
                                  2.58   slack (MET)



==========================================================================
finish report_check_types -max_slew -max_cap -max_fanout -violators
--------------------------------------------------------------------------

==========================================================================
finish max_slew_check_slack
--------------------------------------------------------------------------
0.7671397924423218

==========================================================================
finish max_slew_check_limit
--------------------------------------------------------------------------
1.4885469675064087

==========================================================================
finish max_slew_check_slack_limit
--------------------------------------------------------------------------
0.5154

==========================================================================
finish max_fanout_check_slack
--------------------------------------------------------------------------
1.0000000150474662e+30

==========================================================================
finish max_fanout_check_limit
--------------------------------------------------------------------------
1.0000000150474662e+30

==========================================================================
finish max_capacitance_check_slack
--------------------------------------------------------------------------
0.02466833032667637

==========================================================================
finish max_capacitance_check_limit
--------------------------------------------------------------------------
0.03663099929690361

==========================================================================
finish max_capacitance_check_slack_limit
--------------------------------------------------------------------------
0.6734

==========================================================================
finish max_slew_violation_count
--------------------------------------------------------------------------
max slew violation count 0

==========================================================================
finish max_fanout_violation_count
--------------------------------------------------------------------------
max fanout violation count 0

==========================================================================
finish max_cap_violation_count
--------------------------------------------------------------------------
max cap violation count 0

==========================================================================
finish setup_violation_count
--------------------------------------------------------------------------
setup violation count 0

==========================================================================
finish hold_violation_count
--------------------------------------------------------------------------
hold violation count 0

==========================================================================
finish report_checks -path_delay max reg to reg
--------------------------------------------------------------------------
Startpoint: ctr[0]$_DFFE_PN0P_
            (rising edge-triggered flip-flop clocked by core_clk)
Endpoint: ctr[13]$_DFFE_PN0P_
          (rising edge-triggered flip-flop clocked by core_clk)
Path Group: core_clk
Path Type: max

  Delay    Time   Description
---------------------------------------------------------
   0.00    0.00   clock core_clk (rise edge)
   0.00    0.00   clock source latency
   0.00    0.00 ^ clk (in)
   0.10    0.10 ^ clkbuf_0_clk/X (sky130_fd_sc_hd__clkbuf_8)
   0.15    0.25 ^ clkbuf_1_0__f_clk/X (sky130_fd_sc_hd__clkbuf_8)
   0.00    0.25 ^ ctr[0]$_DFFE_PN0P_/CLK (sky130_fd_sc_hd__dfrtp_1)
   0.42    0.67 v ctr[0]$_DFFE_PN0P_/Q (sky130_fd_sc_hd__dfrtp_1)
   0.09    0.76 ^ _148_/Y (sky130_fd_sc_hd__inv_1)
   0.21    0.97 ^ _273_/COUT (sky130_fd_sc_hd__ha_1)
   0.44    1.41 ^ _155_/Y (sky130_fd_sc_hd__nor4b_2)
   0.50    1.92 v _163_/Y (sky130_fd_sc_hd__nand4_1)
   0.52    2.44 ^ _197_/Y (sky130_fd_sc_hd__o21ai_1)
   0.10    2.54 v _202_/Y (sky130_fd_sc_hd__nor2_1)
   0.00    2.54 v ctr[13]$_DFFE_PN0P_/D (sky130_fd_sc_hd__dfrtp_1)
           2.54   data arrival time

   5.00    5.00   clock core_clk (rise edge)
   0.00    5.00   clock source latency
   0.00    5.00 ^ clk (in)
   0.10    5.10 ^ clkbuf_0_clk/X (sky130_fd_sc_hd__clkbuf_8)
   0.15    5.25 ^ clkbuf_1_0__f_clk/X (sky130_fd_sc_hd__clkbuf_8)
   0.00    5.25 ^ ctr[13]$_DFFE_PN0P_/CLK (sky130_fd_sc_hd__dfrtp_1)
   0.00    5.25   clock reconvergence pessimism
  -0.13    5.13   library setup time
           5.13   data required time
---------------------------------------------------------
           5.13   data required time
          -2.54   data arrival time
---------------------------------------------------------
           2.58   slack (MET)



==========================================================================
finish report_checks -path_delay min reg to reg
--------------------------------------------------------------------------
Startpoint: ctr[16]$_DFFE_PN0P_
            (rising edge-triggered flip-flop clocked by core_clk)
Endpoint: ctr[16]$_DFFE_PN0P_
          (rising edge-triggered flip-flop clocked by core_clk)
Path Group: core_clk
Path Type: min

  Delay    Time   Description
---------------------------------------------------------
   0.00    0.00   clock core_clk (rise edge)
   0.00    0.00   clock source latency
   0.00    0.00 ^ clk (in)
   0.10    0.10 ^ clkbuf_0_clk/X (sky130_fd_sc_hd__clkbuf_8)
   0.15    0.25 ^ clkbuf_1_1__f_clk/X (sky130_fd_sc_hd__clkbuf_8)
   0.00    0.26 ^ ctr[16]$_DFFE_PN0P_/CLK (sky130_fd_sc_hd__dfrtp_1)
   0.39    0.65 v ctr[16]$_DFFE_PN0P_/Q (sky130_fd_sc_hd__dfrtp_1)
   0.07    0.72 ^ _213_/Y (sky130_fd_sc_hd__nand2_1)
   0.05    0.77 v _215_/Y (sky130_fd_sc_hd__a21oi_1)
   0.00    0.77 v ctr[16]$_DFFE_PN0P_/D (sky130_fd_sc_hd__dfrtp_1)
           0.77   data arrival time

   0.00    0.00   clock core_clk (rise edge)
   0.00    0.00   clock source latency
   0.00    0.00 ^ clk (in)
   0.10    0.10 ^ clkbuf_0_clk/X (sky130_fd_sc_hd__clkbuf_8)
   0.15    0.25 ^ clkbuf_1_1__f_clk/X (sky130_fd_sc_hd__clkbuf_8)
   0.00    0.26 ^ ctr[16]$_DFFE_PN0P_/CLK (sky130_fd_sc_hd__dfrtp_1)
   0.00    0.26   clock reconvergence pessimism
  -0.04    0.22   library hold time
           0.22   data required time
---------------------------------------------------------
           0.22   data required time
          -0.77   data arrival time
---------------------------------------------------------
           0.55   slack (MET)



==========================================================================
finish critical path target clock latency max path
--------------------------------------------------------------------------
0

==========================================================================
finish critical path target clock latency min path
--------------------------------------------------------------------------
0

==========================================================================
finish critical path source clock latency min path
--------------------------------------------------------------------------
0

==========================================================================
finish critical path delay
--------------------------------------------------------------------------
2.5446

==========================================================================
finish critical path slack
--------------------------------------------------------------------------
2.5823

==========================================================================
finish slack div critical path delay
--------------------------------------------------------------------------
101.481569

==========================================================================
finish report_power
--------------------------------------------------------------------------
Group                  Internal  Switching    Leakage      Total
                          Power      Power      Power      Power (Watts)
----------------------------------------------------------------
Sequential             2.29e-04   8.12e-05   2.57e-10   3.10e-04  50.7%
Combinational          9.69e-05   9.48e-05   4.00e-10   1.92e-04  31.4%
Clock                  5.67e-05   5.28e-05   2.28e-11   1.10e-04  17.9%
Macro                  0.00e+00   0.00e+00   0.00e+00   0.00e+00   0.0%
Pad                    0.00e+00   0.00e+00   0.00e+00   0.00e+00   0.0%
----------------------------------------------------------------
Total                  3.83e-04   2.29e-04   6.80e-10   6.11e-04 100.0%
                          62.6%      37.4%       0.0%
