
==========================================================================
finish report_tns
--------------------------------------------------------------------------
tns max 0.00

==========================================================================
finish report_wns
--------------------------------------------------------------------------
wns max 0.00

==========================================================================
finish report_worst_slack
--------------------------------------------------------------------------
worst slack max 2.21

==========================================================================
finish report_clock_min_period
--------------------------------------------------------------------------
core_clk period_min = 2.79 fmax = 358.45

==========================================================================
finish report_clock_skew
--------------------------------------------------------------------------
Clock core_clk
   0.34 source latency tag_wr[2]$_DFFE_PN0P_/CLK ^
  -0.35 target latency req_addr[9]$_DFFE_PN0P_/CLK ^
   0.00 CRPR
--------------
  -0.01 setup skew


==========================================================================
finish report_checks -path_delay min
--------------------------------------------------------------------------
Startpoint: tag_rd[4]$_DFFE_PN0P_
            (rising edge-triggered flip-flop clocked by core_clk)
Endpoint: tag_rd[4]$_DFFE_PN0P_
          (rising edge-triggered flip-flop clocked by core_clk)
Path Group: core_clk
Path Type: min

Fanout     Cap    Slew   Delay    Time   Description
-----------------------------------------------------------------------------
                          0.00    0.00   clock core_clk (rise edge)
                          0.00    0.00   clock source latency
     1    0.02    0.00    0.00    0.00 ^ clk (in)
                                         clk (net)
                  0.00    0.00    0.00 ^ clkbuf_0_clk/A (sky130_fd_sc_hd__clkbuf_8)
     8    0.05    0.10    0.16    0.16 ^ clkbuf_0_clk/X (sky130_fd_sc_hd__clkbuf_8)
                                         clknet_0_clk (net)
                  0.10    0.00    0.16 ^ clkbuf_3_0__f_clk/A (sky130_fd_sc_hd__clkbuf_8)
    13    0.04    0.09    0.18    0.34 ^ clkbuf_3_0__f_clk/X (sky130_fd_sc_hd__clkbuf_8)
                                         clknet_3_0__leaf_clk (net)
                  0.09    0.00    0.34 ^ tag_rd[4]$_DFFE_PN0P_/CLK (sky130_fd_sc_hd__dfrtp_1)
     2    0.01    0.08    0.36    0.71 ^ tag_rd[4]$_DFFE_PN0P_/Q (sky130_fd_sc_hd__dfrtp_1)
                                         tag_rd[4] (net)
                  0.08    0.00    0.71 ^ _312_/A (sky130_fd_sc_hd__xnor2_1)
     1    0.00    0.04    0.08    0.79 v _312_/Y (sky130_fd_sc_hd__xnor2_1)
                                         _109_ (net)
                  0.04    0.00    0.79 v tag_rd[4]$_DFFE_PN0P_/D (sky130_fd_sc_hd__dfrtp_1)
                                  0.79   data arrival time

                          0.00    0.00   clock core_clk (rise edge)
                          0.00    0.00   clock source latency
     1    0.02    0.00    0.00    0.00 ^ clk (in)
                                         clk (net)
                  0.00    0.00    0.00 ^ clkbuf_0_clk/A (sky130_fd_sc_hd__clkbuf_8)
     8    0.05    0.10    0.16    0.16 ^ clkbuf_0_clk/X (sky130_fd_sc_hd__clkbuf_8)
                                         clknet_0_clk (net)
                  0.10    0.00    0.16 ^ clkbuf_3_0__f_clk/A (sky130_fd_sc_hd__clkbuf_8)
    13    0.04    0.09    0.18    0.34 ^ clkbuf_3_0__f_clk/X (sky130_fd_sc_hd__clkbuf_8)
                                         clknet_3_0__leaf_clk (net)
                  0.09    0.00    0.34 ^ tag_rd[4]$_DFFE_PN0P_/CLK (sky130_fd_sc_hd__dfrtp_1)
                          0.00    0.34   clock reconvergence pessimism
                         -0.03    0.31   library hold time
                                  0.31   data required time
-----------------------------------------------------------------------------
                                  0.31   data required time
                                 -0.79   data arrival time
-----------------------------------------------------------------------------
                                  0.48   slack (MET)



==========================================================================
finish report_checks -path_delay max
--------------------------------------------------------------------------
Startpoint: tag_rd[1]$_DFFE_PN0P_
            (rising edge-triggered flip-flop clocked by core_clk)
Endpoint: burst_we$_DFFE_PN0P_
          (rising edge-triggered flip-flop clocked by core_clk)
Path Group: core_clk
Path Type: max

Fanout     Cap    Slew   Delay    Time   Description
-----------------------------------------------------------------------------
                          0.00    0.00   clock core_clk (rise edge)
                          0.00    0.00   clock source latency
     1    0.02    0.00    0.00    0.00 ^ clk (in)
                                         clk (net)
                  0.00    0.00    0.00 ^ clkbuf_0_clk/A (sky130_fd_sc_hd__clkbuf_8)
     8    0.05    0.10    0.16    0.16 ^ clkbuf_0_clk/X (sky130_fd_sc_hd__clkbuf_8)
                                         clknet_0_clk (net)
                  0.10    0.00    0.16 ^ clkbuf_3_0__f_clk/A (sky130_fd_sc_hd__clkbuf_8)
    13    0.04    0.09    0.18    0.34 ^ clkbuf_3_0__f_clk/X (sky130_fd_sc_hd__clkbuf_8)
                                         clknet_3_0__leaf_clk (net)
                  0.09    0.00    0.34 ^ tag_rd[1]$_DFFE_PN0P_/CLK (sky130_fd_sc_hd__dfrtp_1)
     3    0.01    0.07    0.40    0.75 v tag_rd[1]$_DFFE_PN0P_/Q (sky130_fd_sc_hd__dfrtp_1)
                                         tag_rd[1] (net)
                  0.07    0.00    0.75 v _197_/A (sky130_fd_sc_hd__inv_1)
     2    0.01    0.08    0.09    0.84 ^ _197_/Y (sky130_fd_sc_hd__inv_1)
                                         _005_ (net)
                  0.08    0.00    0.84 ^ _332_/B (sky130_fd_sc_hd__ha_1)
     2    0.00    0.06    0.24    1.08 v _332_/SUM (sky130_fd_sc_hd__ha_1)
                                         _007_ (net)
                  0.06    0.00    1.08 v _180_/B_N (sky130_fd_sc_hd__nor2b_1)
     2    0.01    0.04    0.14    1.22 v _180_/Y (sky130_fd_sc_hd__nor2b_1)
                                         _123_ (net)
                  0.04    0.00    1.22 v _182_/C (sky130_fd_sc_hd__or4_1)
     1    0.01    0.10    0.48    1.71 v _182_/X (sky130_fd_sc_hd__or4_1)
                                         _125_ (net)
                  0.10    0.00    1.71 v _187_/A1 (sky130_fd_sc_hd__o211ai_2)
     2    0.01    0.22    0.26    1.96 ^ _187_/Y (sky130_fd_sc_hd__o211ai_2)
                                         _130_ (net)
                  0.22    0.00    1.96 ^ _189_/A2 (sky130_fd_sc_hd__a21oi_4)
     2    0.01    0.10    0.08    2.05 v _189_/Y (sky130_fd_sc_hd__a21oi_4)
                                         _132_ (net)
                  0.10    0.00    2.05 v place156/A (sky130_fd_sc_hd__buf_4)
    60    0.28    0.34    0.39    2.44 v place156/X (sky130_fd_sc_hd__buf_4)
                                         net156 (net)
                  0.34    0.01    2.45 v _209_/B (sky130_fd_sc_hd__nand3b_1)
     2    0.01    0.14    0.23    2.68 ^ _209_/Y (sky130_fd_sc_hd__nand3b_1)
                                         _140_ (net)
                  0.14    0.00    2.68 ^ _227_/S (sky130_fd_sc_hd__mux2_2)
     1    0.00    0.05    0.34    3.03 v _227_/X (sky130_fd_sc_hd__mux2_2)
                                         _034_ (net)
                  0.05    0.00    3.03 v burst_we$_DFFE_PN0P_/D (sky130_fd_sc_hd__dfrtp_1)
                                  3.03   data arrival time

                          5.00    5.00   clock core_clk (rise edge)
                          0.00    5.00   clock source latency
     1    0.02    0.00    0.00    5.00 ^ clk (in)
                                         clk (net)
                  0.00    0.00    5.00 ^ clkbuf_0_clk/A (sky130_fd_sc_hd__clkbuf_8)
     8    0.05    0.10    0.16    5.16 ^ clkbuf_0_clk/X (sky130_fd_sc_hd__clkbuf_8)
                                         clknet_0_clk (net)
                  0.10    0.00    5.16 ^ clkbuf_3_1__f_clk/A (sky130_fd_sc_hd__clkbuf_8)
     9    0.04    0.09    0.18    5.34 ^ clkbuf_3_1__f_clk/X (sky130_fd_sc_hd__clkbuf_8)
                                         clknet_3_1__leaf_clk (net)
                  0.09    0.00    5.34 ^ burst_we$_DFFE_PN0P_/CLK (sky130_fd_sc_hd__dfrtp_1)
                          0.00    5.34   clock reconvergence pessimism
                         -0.11    5.24   library setup time
                                  5.24   data required time
-----------------------------------------------------------------------------
                                  5.24   data required time
                                 -3.03   data arrival time
-----------------------------------------------------------------------------
                                  2.21   slack (MET)



==========================================================================
finish report_checks -unconstrained
--------------------------------------------------------------------------
Startpoint: tag_rd[1]$_DFFE_PN0P_
            (rising edge-triggered flip-flop clocked by core_clk)
Endpoint: burst_we$_DFFE_PN0P_
          (rising edge-triggered flip-flop clocked by core_clk)
Path Group: core_clk
Path Type: max

Fanout     Cap    Slew   Delay    Time   Description
-----------------------------------------------------------------------------
                          0.00    0.00   clock core_clk (rise edge)
                          0.00    0.00   clock source latency
     1    0.02    0.00    0.00    0.00 ^ clk (in)
                                         clk (net)
                  0.00    0.00    0.00 ^ clkbuf_0_clk/A (sky130_fd_sc_hd__clkbuf_8)
     8    0.05    0.10    0.16    0.16 ^ clkbuf_0_clk/X (sky130_fd_sc_hd__clkbuf_8)
                                         clknet_0_clk (net)
                  0.10    0.00    0.16 ^ clkbuf_3_0__f_clk/A (sky130_fd_sc_hd__clkbuf_8)
    13    0.04    0.09    0.18    0.34 ^ clkbuf_3_0__f_clk/X (sky130_fd_sc_hd__clkbuf_8)
                                         clknet_3_0__leaf_clk (net)
                  0.09    0.00    0.34 ^ tag_rd[1]$_DFFE_PN0P_/CLK (sky130_fd_sc_hd__dfrtp_1)
     3    0.01    0.07    0.40    0.75 v tag_rd[1]$_DFFE_PN0P_/Q (sky130_fd_sc_hd__dfrtp_1)
                                         tag_rd[1] (net)
                  0.07    0.00    0.75 v _197_/A (sky130_fd_sc_hd__inv_1)
     2    0.01    0.08    0.09    0.84 ^ _197_/Y (sky130_fd_sc_hd__inv_1)
                                         _005_ (net)
                  0.08    0.00    0.84 ^ _332_/B (sky130_fd_sc_hd__ha_1)
     2    0.00    0.06    0.24    1.08 v _332_/SUM (sky130_fd_sc_hd__ha_1)
                                         _007_ (net)
                  0.06    0.00    1.08 v _180_/B_N (sky130_fd_sc_hd__nor2b_1)
     2    0.01    0.04    0.14    1.22 v _180_/Y (sky130_fd_sc_hd__nor2b_1)
                                         _123_ (net)
                  0.04    0.00    1.22 v _182_/C (sky130_fd_sc_hd__or4_1)
     1    0.01    0.10    0.48    1.71 v _182_/X (sky130_fd_sc_hd__or4_1)
                                         _125_ (net)
                  0.10    0.00    1.71 v _187_/A1 (sky130_fd_sc_hd__o211ai_2)
     2    0.01    0.22    0.26    1.96 ^ _187_/Y (sky130_fd_sc_hd__o211ai_2)
                                         _130_ (net)
                  0.22    0.00    1.96 ^ _189_/A2 (sky130_fd_sc_hd__a21oi_4)
     2    0.01    0.10    0.08    2.05 v _189_/Y (sky130_fd_sc_hd__a21oi_4)
                                         _132_ (net)
                  0.10    0.00    2.05 v place156/A (sky130_fd_sc_hd__buf_4)
    60    0.28    0.34    0.39    2.44 v place156/X (sky130_fd_sc_hd__buf_4)
                                         net156 (net)
                  0.34    0.01    2.45 v _209_/B (sky130_fd_sc_hd__nand3b_1)
     2    0.01    0.14    0.23    2.68 ^ _209_/Y (sky130_fd_sc_hd__nand3b_1)
                                         _140_ (net)
                  0.14    0.00    2.68 ^ _227_/S (sky130_fd_sc_hd__mux2_2)
     1    0.00    0.05    0.34    3.03 v _227_/X (sky130_fd_sc_hd__mux2_2)
                                         _034_ (net)
                  0.05    0.00    3.03 v burst_we$_DFFE_PN0P_/D (sky130_fd_sc_hd__dfrtp_1)
                                  3.03   data arrival time

                          5.00    5.00   clock core_clk (rise edge)
                          0.00    5.00   clock source latency
     1    0.02    0.00    0.00    5.00 ^ clk (in)
                                         clk (net)
                  0.00    0.00    5.00 ^ clkbuf_0_clk/A (sky130_fd_sc_hd__clkbuf_8)
     8    0.05    0.10    0.16    5.16 ^ clkbuf_0_clk/X (sky130_fd_sc_hd__clkbuf_8)
                                         clknet_0_clk (net)
                  0.10    0.00    5.16 ^ clkbuf_3_1__f_clk/A (sky130_fd_sc_hd__clkbuf_8)
     9    0.04    0.09    0.18    5.34 ^ clkbuf_3_1__f_clk/X (sky130_fd_sc_hd__clkbuf_8)
                                         clknet_3_1__leaf_clk (net)
                  0.09    0.00    5.34 ^ burst_we$_DFFE_PN0P_/CLK (sky130_fd_sc_hd__dfrtp_1)
                          0.00    5.34   clock reconvergence pessimism
                         -0.11    5.24   library setup time
                                  5.24   data required time
-----------------------------------------------------------------------------
                                  5.24   data required time
                                 -3.03   data arrival time
-----------------------------------------------------------------------------
                                  2.21   slack (MET)



==========================================================================
finish report_check_types -max_slew -max_cap -max_fanout -violators
--------------------------------------------------------------------------

==========================================================================
finish max_slew_check_slack
--------------------------------------------------------------------------
0.6804330348968506

==========================================================================
finish max_slew_check_limit
--------------------------------------------------------------------------
1.5

==========================================================================
finish max_slew_check_slack_limit
--------------------------------------------------------------------------
0.4536

==========================================================================
finish max_fanout_check_slack
--------------------------------------------------------------------------
1.0000000150474662e+30

==========================================================================
finish max_fanout_check_limit
--------------------------------------------------------------------------
1.0000000150474662e+30

==========================================================================
finish max_capacitance_check_slack
--------------------------------------------------------------------------
0.022054599598050117

==========================================================================
finish max_capacitance_check_limit
--------------------------------------------------------------------------
0.03388400003314018

==========================================================================
finish max_capacitance_check_slack_limit
--------------------------------------------------------------------------
0.6509

==========================================================================
finish max_slew_violation_count
--------------------------------------------------------------------------
max slew violation count 0

==========================================================================
finish max_fanout_violation_count
--------------------------------------------------------------------------
max fanout violation count 0

==========================================================================
finish max_cap_violation_count
--------------------------------------------------------------------------
max cap violation count 0

==========================================================================
finish setup_violation_count
--------------------------------------------------------------------------
setup violation count 0

==========================================================================
finish hold_violation_count
--------------------------------------------------------------------------
hold violation count 0

==========================================================================
finish report_checks -path_delay max reg to reg
--------------------------------------------------------------------------
Startpoint: tag_rd[1]$_DFFE_PN0P_
            (rising edge-triggered flip-flop clocked by core_clk)
Endpoint: burst_we$_DFFE_PN0P_
          (rising edge-triggered flip-flop clocked by core_clk)
Path Group: core_clk
Path Type: max

  Delay    Time   Description
---------------------------------------------------------
   0.00    0.00   clock core_clk (rise edge)
   0.00    0.00   clock source latency
   0.00    0.00 ^ clk (in)
   0.16    0.16 ^ clkbuf_0_clk/X (sky130_fd_sc_hd__clkbuf_8)
   0.18    0.34 ^ clkbuf_3_0__f_clk/X (sky130_fd_sc_hd__clkbuf_8)
   0.00    0.34 ^ tag_rd[1]$_DFFE_PN0P_/CLK (sky130_fd_sc_hd__dfrtp_1)
   0.40    0.75 v tag_rd[1]$_DFFE_PN0P_/Q (sky130_fd_sc_hd__dfrtp_1)
   0.09    0.84 ^ _197_/Y (sky130_fd_sc_hd__inv_1)
   0.24    1.08 v _332_/SUM (sky130_fd_sc_hd__ha_1)
   0.14    1.22 v _180_/Y (sky130_fd_sc_hd__nor2b_1)
   0.48    1.71 v _182_/X (sky130_fd_sc_hd__or4_1)
   0.26    1.96 ^ _187_/Y (sky130_fd_sc_hd__o211ai_2)
   0.08    2.05 v _189_/Y (sky130_fd_sc_hd__a21oi_4)
   0.39    2.44 v place156/X (sky130_fd_sc_hd__buf_4)
   0.24    2.68 ^ _209_/Y (sky130_fd_sc_hd__nand3b_1)
   0.34    3.03 v _227_/X (sky130_fd_sc_hd__mux2_2)
   0.00    3.03 v burst_we$_DFFE_PN0P_/D (sky130_fd_sc_hd__dfrtp_1)
           3.03   data arrival time

   5.00    5.00   clock core_clk (rise edge)
   0.00    5.00   clock source latency
   0.00    5.00 ^ clk (in)
   0.16    5.16 ^ clkbuf_0_clk/X (sky130_fd_sc_hd__clkbuf_8)
   0.18    5.34 ^ clkbuf_3_1__f_clk/X (sky130_fd_sc_hd__clkbuf_8)
   0.00    5.34 ^ burst_we$_DFFE_PN0P_/CLK (sky130_fd_sc_hd__dfrtp_1)
   0.00    5.34   clock reconvergence pessimism
  -0.11    5.24   library setup time
           5.24   data required time
---------------------------------------------------------
           5.24   data required time
          -3.03   data arrival time
---------------------------------------------------------
           2.21   slack (MET)



==========================================================================
finish report_checks -path_delay min reg to reg
--------------------------------------------------------------------------
Startpoint: tag_rd[4]$_DFFE_PN0P_
            (rising edge-triggered flip-flop clocked by core_clk)
Endpoint: tag_rd[4]$_DFFE_PN0P_
          (rising edge-triggered flip-flop clocked by core_clk)
Path Group: core_clk
Path Type: min

  Delay    Time   Description
---------------------------------------------------------
   0.00    0.00   clock core_clk (rise edge)
   0.00    0.00   clock source latency
   0.00    0.00 ^ clk (in)
   0.16    0.16 ^ clkbuf_0_clk/X (sky130_fd_sc_hd__clkbuf_8)
   0.18    0.34 ^ clkbuf_3_0__f_clk/X (sky130_fd_sc_hd__clkbuf_8)
   0.00    0.34 ^ tag_rd[4]$_DFFE_PN0P_/CLK (sky130_fd_sc_hd__dfrtp_1)
   0.36    0.71 ^ tag_rd[4]$_DFFE_PN0P_/Q (sky130_fd_sc_hd__dfrtp_1)
   0.08    0.79 v _312_/Y (sky130_fd_sc_hd__xnor2_1)
   0.00    0.79 v tag_rd[4]$_DFFE_PN0P_/D (sky130_fd_sc_hd__dfrtp_1)
           0.79   data arrival time

   0.00    0.00   clock core_clk (rise edge)
   0.00    0.00   clock source latency
   0.00    0.00 ^ clk (in)
   0.16    0.16 ^ clkbuf_0_clk/X (sky130_fd_sc_hd__clkbuf_8)
   0.18    0.34 ^ clkbuf_3_0__f_clk/X (sky130_fd_sc_hd__clkbuf_8)
   0.00    0.34 ^ tag_rd[4]$_DFFE_PN0P_/CLK (sky130_fd_sc_hd__dfrtp_1)
   0.00    0.34   clock reconvergence pessimism
  -0.03    0.31   library hold time
           0.31   data required time
---------------------------------------------------------
           0.31   data required time
          -0.79   data arrival time
---------------------------------------------------------
           0.48   slack (MET)



==========================================================================
finish critical path target clock latency max path
--------------------------------------------------------------------------
0

==========================================================================
finish critical path target clock latency min path
--------------------------------------------------------------------------
0

==========================================================================
finish critical path source clock latency min path
--------------------------------------------------------------------------
0

==========================================================================
finish critical path delay
--------------------------------------------------------------------------
3.0259

==========================================================================
finish critical path slack
--------------------------------------------------------------------------
2.2102

==========================================================================
finish slack div critical path delay
--------------------------------------------------------------------------
73.042731

==========================================================================
finish report_power
--------------------------------------------------------------------------
Group                  Internal  Switching    Leakage      Total
                          Power      Power      Power      Power (Watts)
----------------------------------------------------------------
Sequential             1.01e-03   1.54e-04   1.12e-09   1.17e-03  44.6%
Combinational          6.99e-04   2.45e-04   1.27e-09   9.45e-04  36.1%
Clock                  2.43e-04   2.63e-04   9.48e-11   5.06e-04  19.3%
Macro                  0.00e+00   0.00e+00   0.00e+00   0.00e+00   0.0%
Pad                    0.00e+00   0.00e+00   0.00e+00   0.00e+00   0.0%
----------------------------------------------------------------
Total                  1.96e-03   6.63e-04   2.49e-09   2.62e-03 100.0%
                          74.7%      25.3%       0.0%
